// Jest Snapshot v1, https://goo.gl/fbAQLP

exports[`AskChangeEditor matches snapshot 1`] = `
<div>
  <div
    class="sc-bdVaJa kNCPvv"
  />
  <div
    class="sc-bwzfXH fIoYbF"
  >
    <div
      class="sc-htpNat rpSHm"
    >
      <div
        class="sc-ifAKCX jEAkkY"
      >
        <h3>
          마크다운 에디터로 전환
        </h3>
        <div
          class="message"
        >
          에디터 모드를 전환하시겠습니까?
          <br />
          확인을 누르시면 지금까지 입력하신 모든 내용이 마크다운 포맷으료 변환됩니다.
          <br />
          <br />
          <div
            style="font-size: 0.875rem;"
          >
            <b>
              주의:
            </b>
             변환 후 코드블록의 언어 타입을 수동으로 입력해주셔야 합니다.
          </div>
        </div>
        <div
          class="button-area"
        >
          <button
            class="sc-bxivhb jsqGIL"
            color="gray"
          >
            취소
          </button>
          <button
            class="sc-bxivhb dUoVUJ"
            color="teal"
          >
            확인
          </button>
        </div>
      </div>
    </div>
  </div>
</div>
`;
