// Jest Snapshot v1, https://goo.gl/fbAQLP

exports[`AuthForm renders correctly 1`] = `
<div>
  <div
    class="sc-bdVaJa gCfJmX"
  >
    <div
      class="wrapper"
    >
      <div
        class="gray-block"
      >
        <div>
          <img
            alt="pluto-welcome"
            src="pluto-welcome.png"
          />
          <div
            class="welcome"
          >
            환영합니다!
          </div>
        </div>
      </div>
      <div
        class="white-block"
      >
        <div
          class="exit-wrapper"
        >
          <svg
            fill="currentColor"
            height="1em"
            stroke="currentColor"
            stroke-width="0"
            tabindex="1"
            viewBox="0 0 24 24"
            width="1em"
          >
            <path
              d="M19 6.41L17.59 5 12 10.59 6.41 5 5 6.41 10.59 12 5 17.59 6.41 19 12 13.41 17.59 19 19 17.59 13.41 12z"
            />
          </svg>
        </div>
        <div
          class="block-content"
        >
          <div
            class="sc-EHOje gSRKdC"
          >
            <div>
              <h2
                data-testid="title"
              >
                회원가입
              </h2>
              <section>
                <h4>
                  이메일로 
                  회원가입
                </h4>
                <form
                  class="sc-bwzfXH iIIcuY"
                >
                  <input
                    placeholder="이메일을 입력하세요."
                    tabindex="2"
                    value=""
                  />
                  <button
                    tabindex="3"
                  >
                    회원가입
                  </button>
                </form>
              </section>
              <section>
                <h4>
                  소셜 계정으로 
                  회원가입
                </h4>
                <div
                  class="sc-bxivhb hYrwtB"
                >
                  <button
                    class="sc-htpNat hXWOcG"
                    style="background: rgb(39, 46, 51);"
                    tabindex="4"
                  >
                    <svg>
                      icon-github.svg
                    </svg>
                  </button>
                  <button
                    class="sc-htpNat esnjrO"
                    style="background: white;"
                    tabindex="5"
                  >
                    <svg>
                      icon-google.svg
                    </svg>
                  </button>
                  <button
                    class="sc-htpNat hXWOcG"
                    style="background: rgb(59, 89, 152);"
                    tabindex="6"
                  >
                    <svg>
                      icon-facebook.svg
                    </svg>
                  </button>
                </div>
              </section>
            </div>
            <div
              class="foot"
            >
              <span>
                계정이 이미 있으신가요?
              </span>
              <div
                class="link"
                data-testid="switchmode"
                tabindex="7"
              >
                로그인
              </div>
            </div>
          </div>
        </div>
      </div>
    </div>
  </div>
</div>
`;
